// Jest Snapshot v1, https://goo.gl/fbAQLP

exports[`Matches snapshot 1`] = `
<DocumentFragment>
  <div
    class="TodoList"
  >
    <div
      class="Todo"
      id="1"
    >
      <div
        class="Todo-Task"
      >
        <h3
          class="Todo-title"
        >
          Create Your First Task
        </h3>
      </div>
      <div
        class="Todo-Options"
      >
        <button>
          Complete
        </button>
        <button>
          Delete
        </button>
      </div>
    </div>
    <div
      class="NewTodoForm"
    >
      <form
        class="NewTodoForm-Form"
      >
        <label
          for="text"
        >
          Task Title: 
        </label>
        <input
          id="text"
          name="text"
          placeholder="Buy Film"
          type="text"
          value=""
        />
        <button
          type="submit"
        >
          Create Task
        </button>
      </form>
    </div>
  </div>
</DocumentFragment>
`;
